// Jest Snapshot v1, https://goo.gl/fbAQLP

exports[`Note matches snapshot 1`] = `
<DocumentFragment>
  <p>
    Test Note
  </p>
</DocumentFragment>
`;
