// Jest Snapshot v1, https://goo.gl/fbAQLP

exports[`Signup matches snapshot 1`] = `
<DocumentFragment>
  <h1>
    Sign Up
  </h1>
  <form>
    <label
      for="username"
    >
      Username
    </label>
    <input
      autocomplete="username"
      id="username"
      name="username"
      placeholder="username"
      type="text"
      value=""
    />
    <label>
      Password
    </label>
    <input
      autocomplete="current-password"
      id="password"
      name="password"
      placeholder="password"
      type="password"
      value=""
    />
    <button>
      Go!
    </button>
  </form>
</DocumentFragment>
`;
