// Jest Snapshot v1, https://goo.gl/fbAQLP

exports[`UserNotes matches snapshot 1`] = `
<DocumentFragment>
  <h1>
    Your Prayer Notes
  </h1>
  <ul />
</DocumentFragment>
`;
